[     662ms] [LOG] [db] criando worker SQLite… @ https://drift-wheat-one.vercel.app/assets/index-BQXWXVqQ.js:1
[     956ms] [INFO] Banner not shown: beforeinstallpromptevent.preventDefault() called. The page must call beforeinstallpromptevent.prompt() to show the banner. @ https://drift-wheat-one.vercel.app/:0
[    1219ms] [LOG] [db.worker] chamando sqlite3InitModule… @ https://drift-wheat-one.vercel.app/assets/index-BQXWXVqQ.js:1
[    2057ms] [LOG] [db.worker] módulo carregado · versão 3.52.0 @ https://drift-wheat-one.vercel.app/assets/index-BQXWXVqQ.js:1
[    2057ms] [LOG] [db.worker] OPFS disponível: true @ https://drift-wheat-one.vercel.app/assets/index-BQXWXVqQ.js:1
[    2057ms] [LOG] [db.worker] abrindo /drift.db via OpfsDb (persistente)… @ https://drift-wheat-one.vercel.app/assets/index-BQXWXVqQ.js:1
[    2097ms] [LOG] [db.worker] banco aberto (modo: opfs) · executando schema… @ https://drift-wheat-one.vercel.app/assets/index-BQXWXVqQ.js:1
[    4385ms] [LOG] [db.worker] schema aplicado com sucesso @ https://drift-wheat-one.vercel.app/assets/index-BQXWXVqQ.js:1
[    4394ms] [LOG] [db.worker] migração add_content_warning_to_posts já estava aplicada (skip) @ https://drift-wheat-one.vercel.app/assets/index-BQXWXVqQ.js:1
[    4404ms] [LOG] [db.worker] migração add_reason_to_reports já estava aplicada (skip) @ https://drift-wheat-one.vercel.app/assets/index-BQXWXVqQ.js:1
[    4413ms] [LOG] [db.worker] migração add_imported_to_identities já estava aplicada (skip) @ https://drift-wheat-one.vercel.app/assets/index-BQXWXVqQ.js:1
[    4419ms] [LOG] [db.worker] migração add_last_err_to_relays_user já estava aplicada (skip) @ https://drift-wheat-one.vercel.app/assets/index-BQXWXVqQ.js:1
[    4427ms] [LOG] [db.worker] migração add_raw_event_to_posts já estava aplicada (skip) @ https://drift-wheat-one.vercel.app/assets/index-BQXWXVqQ.js:1
[    4435ms] [LOG] [db.worker] migração add_raw_event_to_spreads já estava aplicada (skip) @ https://drift-wheat-one.vercel.app/assets/index-BQXWXVqQ.js:1
[    4440ms] [LOG] [db.worker] migração add_raw_event_to_buries já estava aplicada (skip) @ https://drift-wheat-one.vercel.app/assets/index-BQXWXVqQ.js:1
[    4446ms] [LOG] [db.worker] migração add_location_to_spreads já estava aplicada (skip) @ https://drift-wheat-one.vercel.app/assets/index-BQXWXVqQ.js:1
[    4454ms] [LOG] [db.worker] migração add_content_warning_to_comments já estava aplicada (skip) @ https://drift-wheat-one.vercel.app/assets/index-BQXWXVqQ.js:1
[    4469ms] [LOG] [db.worker] migração add_consecutive_fails_to_relays_user já estava aplicada (skip) @ https://drift-wheat-one.vercel.app/assets/index-BQXWXVqQ.js:1
[    4483ms] [LOG] [db.worker] migração add_demoted_until_to_relays_user já estava aplicada (skip) @ https://drift-wheat-one.vercel.app/assets/index-BQXWXVqQ.js:1
[    4491ms] [LOG] [db.worker] migração add_last_err_at_to_relays_user já estava aplicada (skip) @ https://drift-wheat-one.vercel.app/assets/index-BQXWXVqQ.js:1
[    4501ms] [LOG] [db.worker] migração add_kind_to_reports já estava aplicada (skip) @ https://drift-wheat-one.vercel.app/assets/index-BQXWXVqQ.js:1
[    4512ms] [LOG] [db.worker] migração identity → identities concluída (ou já feita) @ https://drift-wheat-one.vercel.app/assets/index-BQXWXVqQ.js:1
[    4524ms] [LOG] [db.worker] schema_v=0 < 6 — rebuild de domínio (posts.id UUID → event.id hex) @ https://drift-wheat-one.vercel.app/assets/index-BQXWXVqQ.js:1
[    4524ms] [LOG] [db.worker] reconstruindo schema de domínio (preserva identity + user_prefs)… @ https://drift-wheat-one.vercel.app/assets/index-BQXWXVqQ.js:1
[    8435ms] [LOG] [db.worker] schema de domínio reconstruído com sucesso @ https://drift-wheat-one.vercel.app/assets/index-BQXWXVqQ.js:1
[    8435ms] [LOG] [db.worker] schema_v=0 < 7 — criando peers_known (Fase 6.2) @ https://drift-wheat-one.vercel.app/assets/index-BQXWXVqQ.js:1
[    8450ms] [LOG] [db.worker] schema_v=0 < 8 — criando comments (Track C.1) @ https://drift-wheat-one.vercel.app/assets/index-BQXWXVqQ.js:1
[   11571ms] [ERROR] WebSocket connection to 'wss://relay.damus.io/' failed: Error during WebSocket handshake: Unexpected response code: 503 @ https://drift-wheat-one.vercel.app/assets/index-BQXWXVqQ.js:38
[   31054ms] [ERROR] WebSocket connection to 'wss://relay.nostr.band/' failed: Error in connection establishment: net::ERR_CONNECTION_TIMED_OUT @ https://drift-wheat-one.vercel.app/assets/vendor-nostr-DWf_TfTb.js:0
[   83092ms] [WARNING] Deprecated API for given entry type. @ :17
[  102400ms] [WARNING] Deprecated API for given entry type. @ :19
[ 1370392ms] [ERROR] WebSocket is already in CLOSING or CLOSED state. @ https://drift-wheat-one.vercel.app/assets/vendor-nostr-DWf_TfTb.js:0
[ 1370490ms] [LOG] [db] criando worker SQLite… @ https://drift-wheat-one.vercel.app/assets/index-BQXWXVqQ.js:1
[ 1370510ms] [INFO] Banner not shown: beforeinstallpromptevent.preventDefault() called. The page must call beforeinstallpromptevent.prompt() to show the banner. @ https://drift-wheat-one.vercel.app/:0
[ 1370526ms] [LOG] [db.worker] chamando sqlite3InitModule… @ https://drift-wheat-one.vercel.app/assets/index-BQXWXVqQ.js:1
[ 1370615ms] [LOG] [db.worker] módulo carregado · versão 3.52.0 @ https://drift-wheat-one.vercel.app/assets/index-BQXWXVqQ.js:1
[ 1370615ms] [LOG] [db.worker] OPFS disponível: true @ https://drift-wheat-one.vercel.app/assets/index-BQXWXVqQ.js:1
[ 1370615ms] [LOG] [db.worker] abrindo /drift.db via OpfsDb (persistente)… @ https://drift-wheat-one.vercel.app/assets/index-BQXWXVqQ.js:1
[ 1370634ms] [LOG] [db.worker] banco aberto (modo: opfs) · executando schema… @ https://drift-wheat-one.vercel.app/assets/index-BQXWXVqQ.js:1
[ 1370942ms] [LOG] [db.worker] schema aplicado com sucesso @ https://drift-wheat-one.vercel.app/assets/index-BQXWXVqQ.js:1
[ 1370952ms] [LOG] [db.worker] migração add_content_warning_to_posts já estava aplicada (skip) @ https://drift-wheat-one.vercel.app/assets/index-BQXWXVqQ.js:1
[ 1370960ms] [LOG] [db.worker] migração add_reason_to_reports já estava aplicada (skip) @ https://drift-wheat-one.vercel.app/assets/index-BQXWXVqQ.js:1
[ 1370967ms] [LOG] [db.worker] migração add_imported_to_identities já estava aplicada (skip) @ https://drift-wheat-one.vercel.app/assets/index-BQXWXVqQ.js:1
[ 1370976ms] [LOG] [db.worker] migração add_last_err_to_relays_user já estava aplicada (skip) @ https://drift-wheat-one.vercel.app/assets/index-BQXWXVqQ.js:1
[ 1370982ms] [LOG] [db.worker] migração add_raw_event_to_posts já estava aplicada (skip) @ https://drift-wheat-one.vercel.app/assets/index-BQXWXVqQ.js:1
[ 1370988ms] [LOG] [db.worker] migração add_raw_event_to_spreads já estava aplicada (skip) @ https://drift-wheat-one.vercel.app/assets/index-BQXWXVqQ.js:1
[ 1370995ms] [LOG] [db.worker] migração add_raw_event_to_buries já estava aplicada (skip) @ https://drift-wheat-one.vercel.app/assets/index-BQXWXVqQ.js:1
[ 1371001ms] [LOG] [db.worker] migração add_location_to_spreads já estava aplicada (skip) @ https://drift-wheat-one.vercel.app/assets/index-BQXWXVqQ.js:1
[ 1371008ms] [LOG] [db.worker] migração add_content_warning_to_comments já estava aplicada (skip) @ https://drift-wheat-one.vercel.app/assets/index-BQXWXVqQ.js:1
[ 1371014ms] [LOG] [db.worker] migração add_consecutive_fails_to_relays_user já estava aplicada (skip) @ https://drift-wheat-one.vercel.app/assets/index-BQXWXVqQ.js:1
[ 1371020ms] [LOG] [db.worker] migração add_demoted_until_to_relays_user já estava aplicada (skip) @ https://drift-wheat-one.vercel.app/assets/index-BQXWXVqQ.js:1
[ 1371027ms] [LOG] [db.worker] migração add_last_err_at_to_relays_user já estava aplicada (skip) @ https://drift-wheat-one.vercel.app/assets/index-BQXWXVqQ.js:1
[ 1371036ms] [LOG] [db.worker] migração add_kind_to_reports já estava aplicada (skip) @ https://drift-wheat-one.vercel.app/assets/index-BQXWXVqQ.js:1
[ 1371123ms] [LOG] [db.worker] migração identity → identities concluída (ou já feita) @ https://drift-wheat-one.vercel.app/assets/index-BQXWXVqQ.js:1
[ 1371458ms] [INFO] [webrtc] signaling booted (mock) — peerId: 3c3083d8 @ https://drift-wheat-one.vercel.app/assets/boot-U8odenNY.js:19
[ 1371970ms] [ERROR] WebSocket connection to 'wss://relay.damus.io/' failed: Error during WebSocket handshake: Unexpected response code: 503 @ https://drift-wheat-one.vercel.app/assets/vendor-nostr-DWf_TfTb.js:0
[ 1389426ms] [WARNING] [Image] fetch via blobs falhou, fallback pra src direto: BlobError: nenhuma rota retornou bytes válidos (dweb.link: signal is aborted without reason; w3s.link: signal is aborted without reason; ipfs.io: signal is aborted without reason)
    at bt (https://drift-wheat-one.vercel.app/assets/blobs-DjZ8DYs6.js:21:7339)
    at async Yt (https://drift-wheat-one.vercel.app/assets/blobs-DjZ8DYs6.js:21:7498)
    at async https://drift-wheat-one.vercel.app/assets/index-BQXWXVqQ.js:140:17850 @ https://drift-wheat-one.vercel.app/assets/index-BQXWXVqQ.js:139
[ 1392507ms] [ERROR] WebSocket connection to 'wss://relay.nostr.band/' failed: Error in connection establishment: net::ERR_CONNECTION_TIMED_OUT @ https://drift-wheat-one.vercel.app/assets/vendor-nostr-DWf_TfTb.js:0
[ 1592267ms] [ERROR] Failed to load module script: Expected a JavaScript-or-Wasm module script but the server responded with a MIME type of "text/html". Strict MIME type checking is enforced for module scripts per HTML spec. @ https://drift-wheat-one.vercel.app/assets/ComposeOverlay-CBhBjYAa.js:0
[ 1592373ms] [ERROR] TypeError: Failed to fetch dynamically imported module: https://drift-wheat-one.vercel.app/assets/ComposeOverlay-CBhBjYAa.js @ https://drift-wheat-one.vercel.app/assets/vendor-react-u7NqBe2v.js:39
[ 1592374ms] [ERROR] [LazyBoundary] chunk load error TypeError: Failed to fetch dynamically imported module: https://drift-wheat-one.vercel.app/assets/ComposeOverlay-CBhBjYAa.js {componentStack: 
    at Lazy
    at Suspense
    at xl (https://dr…one.vercel.app/assets/index-BQXWXVqQ.js:145:8436)} @ https://drift-wheat-one.vercel.app/assets/index-BQXWXVqQ.js:139
[ 1979112ms] [ERROR] WebSocket is already in CLOSING or CLOSED state. @ https://drift-wheat-one.vercel.app/assets/vendor-nostr-DWf_TfTb.js:0
[ 1979715ms] [LOG] [db] criando worker SQLite… @ https://drift-wheat-one.vercel.app/assets/index-BR5l4XVt.js:1
[ 1979746ms] [LOG] [db.worker] chamando sqlite3InitModule… @ https://drift-wheat-one.vercel.app/assets/index-BR5l4XVt.js:1
[ 1979845ms] [LOG] [db.worker] módulo carregado · versão 3.52.0 @ https://drift-wheat-one.vercel.app/assets/index-BR5l4XVt.js:1
[ 1979845ms] [LOG] [db.worker] OPFS disponível: true @ https://drift-wheat-one.vercel.app/assets/index-BR5l4XVt.js:1
[ 1979845ms] [LOG] [db.worker] abrindo /drift.db via OpfsDb (persistente)… @ https://drift-wheat-one.vercel.app/assets/index-BR5l4XVt.js:1
[ 1979871ms] [LOG] [db.worker] banco aberto (modo: opfs) · executando schema… @ https://drift-wheat-one.vercel.app/assets/index-BR5l4XVt.js:1
[ 1980023ms] [INFO] Banner not shown: beforeinstallpromptevent.preventDefault() called. The page must call beforeinstallpromptevent.prompt() to show the banner. @ https://drift-wheat-one.vercel.app/:0
[ 1982299ms] [LOG] [db.worker] schema aplicado com sucesso @ https://drift-wheat-one.vercel.app/assets/index-BR5l4XVt.js:1
[ 1982321ms] [LOG] [db.worker] migração add_content_warning_to_posts já estava aplicada (skip) @ https://drift-wheat-one.vercel.app/assets/index-BR5l4XVt.js:1
[ 1982332ms] [LOG] [db.worker] migração add_reason_to_reports já estava aplicada (skip) @ https://drift-wheat-one.vercel.app/assets/index-BR5l4XVt.js:1
[ 1982340ms] [LOG] [db.worker] migração add_imported_to_identities já estava aplicada (skip) @ https://drift-wheat-one.vercel.app/assets/index-BR5l4XVt.js:1
[ 1982352ms] [LOG] [db.worker] migração add_last_err_to_relays_user já estava aplicada (skip) @ https://drift-wheat-one.vercel.app/assets/index-BR5l4XVt.js:1
[ 1982360ms] [LOG] [db.worker] migração add_raw_event_to_posts já estava aplicada (skip) @ https://drift-wheat-one.vercel.app/assets/index-BR5l4XVt.js:1
[ 1982369ms] [LOG] [db.worker] migração add_raw_event_to_spreads já estava aplicada (skip) @ https://drift-wheat-one.vercel.app/assets/index-BR5l4XVt.js:1
[ 1982378ms] [LOG] [db.worker] migração add_raw_event_to_buries já estava aplicada (skip) @ https://drift-wheat-one.vercel.app/assets/index-BR5l4XVt.js:1
[ 1982387ms] [LOG] [db.worker] migração add_location_to_spreads já estava aplicada (skip) @ https://drift-wheat-one.vercel.app/assets/index-BR5l4XVt.js:1
[ 1982396ms] [LOG] [db.worker] migração add_content_warning_to_comments já estava aplicada (skip) @ https://drift-wheat-one.vercel.app/assets/index-BR5l4XVt.js:1
[ 1982406ms] [LOG] [db.worker] migração add_consecutive_fails_to_relays_user já estava aplicada (skip) @ https://drift-wheat-one.vercel.app/assets/index-BR5l4XVt.js:1
[ 1982412ms] [LOG] [db.worker] migração add_demoted_until_to_relays_user já estava aplicada (skip) @ https://drift-wheat-one.vercel.app/assets/index-BR5l4XVt.js:1
[ 1982418ms] [LOG] [db.worker] migração add_last_err_at_to_relays_user já estava aplicada (skip) @ https://drift-wheat-one.vercel.app/assets/index-BR5l4XVt.js:1
[ 1982423ms] [LOG] [db.worker] migração add_kind_to_reports já estava aplicada (skip) @ https://drift-wheat-one.vercel.app/assets/index-BR5l4XVt.js:1
[ 1982428ms] [LOG] [db.worker] migração identity → identities concluída (ou já feita) @ https://drift-wheat-one.vercel.app/assets/index-BR5l4XVt.js:1
[ 1982434ms] [LOG] [db.worker] schema_v=0 < 6 — rebuild de domínio (posts.id UUID → event.id hex) @ https://drift-wheat-one.vercel.app/assets/index-BR5l4XVt.js:1
[ 1982434ms] [LOG] [db.worker] reconstruindo schema de domínio (preserva identity + user_prefs)… @ https://drift-wheat-one.vercel.app/assets/index-BR5l4XVt.js:1
[ 1986342ms] [LOG] [db.worker] schema de domínio reconstruído com sucesso @ https://drift-wheat-one.vercel.app/assets/index-BR5l4XVt.js:1
[ 1986342ms] [LOG] [db.worker] schema_v=0 < 7 — criando peers_known (Fase 6.2) @ https://drift-wheat-one.vercel.app/assets/index-BR5l4XVt.js:1
[ 1986361ms] [LOG] [db.worker] schema_v=0 < 8 — criando comments (Track C.1) @ https://drift-wheat-one.vercel.app/assets/index-BR5l4XVt.js:1
[ 2009027ms] [ERROR] WebSocket connection to 'wss://relay.nostr.band/' failed: Error in connection establishment: net::ERR_CONNECTION_TIMED_OUT @ https://drift-wheat-one.vercel.app/assets/vendor-nostr-DWf_TfTb.js:0
[ 2093535ms] [INFO] [blobs] upload ok — url: https://image.nostr.build/f83f50edc934e8200f142b3cf9f5b290ce (sem cid) @ https://drift-wheat-one.vercel.app/assets/blobs-CTxth_5p.js:20
[ 2093549ms] [WARNING] [Image] fetch via blobs falhou, fallback pra src direto: BlobError: meta sem url nem cid
    at bt (https://drift-wheat-one.vercel.app/assets/blobs-CTxth_5p.js:21:6774)
    at Yt (https://drift-wheat-one.vercel.app/assets/blobs-CTxth_5p.js:21:7504)
    at https://drift-wheat-one.vercel.app/assets/index-BR5l4XVt.js:141:26302 @ https://drift-wheat-one.vercel.app/assets/index-BR5l4XVt.js:140
[ 2144016ms] [INFO] [webrtc] signaling booted (mock) — peerId: fa076b03 @ https://drift-wheat-one.vercel.app/assets/boot-Bt6Knh0F.js:19
[ 2165055ms] [ERROR] WebSocket connection to 'wss://relay.nostr.band/' failed: Error in connection establishment: net::ERR_CONNECTION_TIMED_OUT @ https://drift-wheat-one.vercel.app/assets/vendor-nostr-DWf_TfTb.js:0
[ 2209297ms] [INFO] [blobs] upload ok — url: https://image.nostr.build/f93dfd0058950059880e8c3caf26442c1f (sem cid) @ https://drift-wheat-one.vercel.app/assets/blobs-CTxth_5p.js:20
[ 2209304ms] [WARNING] [Image] fetch via blobs falhou, fallback pra src direto: BlobError: meta sem url nem cid
    at bt (https://drift-wheat-one.vercel.app/assets/blobs-CTxth_5p.js:21:6774)
    at Yt (https://drift-wheat-one.vercel.app/assets/blobs-CTxth_5p.js:21:7504)
    at https://drift-wheat-one.vercel.app/assets/index-BR5l4XVt.js:141:26302 @ https://drift-wheat-one.vercel.app/assets/index-BR5l4XVt.js:140
[ 2245691ms] [ERROR] WebSocket connection to 'wss://relay.nostr.band/' failed: Error in connection establishment: net::ERR_CONNECTION_TIMED_OUT @ https://drift-wheat-one.vercel.app/assets/vendor-nostr-DWf_TfTb.js:0
[ 2261933ms] [INFO] [blobs] upload ok — url: https://image.nostr.build/ead076998871766a0a61da0fcfade827eb (sem cid) @ https://drift-wheat-one.vercel.app/assets/blobs-CTxth_5p.js:20
[ 2261941ms] [WARNING] [Image] fetch via blobs falhou, fallback pra src direto: BlobError: meta sem url nem cid
    at bt (https://drift-wheat-one.vercel.app/assets/blobs-CTxth_5p.js:21:6774)
    at Yt (https://drift-wheat-one.vercel.app/assets/blobs-CTxth_5p.js:21:7504)
    at https://drift-wheat-one.vercel.app/assets/index-BR5l4XVt.js:141:26302 @ https://drift-wheat-one.vercel.app/assets/index-BR5l4XVt.js:140
[ 2297467ms] [ERROR] WebSocket connection to 'wss://relay.nostr.band/' failed: Error in connection establishment: net::ERR_CONNECTION_TIMED_OUT @ https://drift-wheat-one.vercel.app/assets/vendor-nostr-DWf_TfTb.js:0
[ 2302586ms] [INFO] [blobs] upload ok — url: https://image.nostr.build/d1529b9c7b7bc23b12187061c1faefdce5 (sem cid) @ https://drift-wheat-one.vercel.app/assets/blobs-CTxth_5p.js:20
[ 2302594ms] [WARNING] [Image] fetch via blobs falhou, fallback pra src direto: BlobError: meta sem url nem cid
    at bt (https://drift-wheat-one.vercel.app/assets/blobs-CTxth_5p.js:21:6774)
    at Yt (https://drift-wheat-one.vercel.app/assets/blobs-CTxth_5p.js:21:7504)
    at https://drift-wheat-one.vercel.app/assets/index-BR5l4XVt.js:141:26302 @ https://drift-wheat-one.vercel.app/assets/index-BR5l4XVt.js:140
[ 2343629ms] [ERROR] WebSocket connection to 'wss://relay.nostr.band/' failed: Error in connection establishment: net::ERR_CONNECTION_TIMED_OUT @ https://drift-wheat-one.vercel.app/assets/vendor-nostr-DWf_TfTb.js:0
[ 2344883ms] [INFO] [blobs] upload ok — url: https://image.nostr.build/01f0e7523b68b2e3c34617b5de269f2ec6 (sem cid) @ https://drift-wheat-one.vercel.app/assets/blobs-CTxth_5p.js:20
[ 2344892ms] [WARNING] [Image] fetch via blobs falhou, fallback pra src direto: BlobError: meta sem url nem cid
    at bt (https://drift-wheat-one.vercel.app/assets/blobs-CTxth_5p.js:21:6774)
    at Yt (https://drift-wheat-one.vercel.app/assets/blobs-CTxth_5p.js:21:7504)
    at https://drift-wheat-one.vercel.app/assets/index-BR5l4XVt.js:141:26302 @ https://drift-wheat-one.vercel.app/assets/index-BR5l4XVt.js:140
[ 2381040ms] [ERROR] WebSocket connection to 'wss://relay.nostr.band/' failed: Error in connection establishment: net::ERR_CONNECTION_TIMED_OUT @ https://drift-wheat-one.vercel.app/assets/vendor-nostr-DWf_TfTb.js:0
[ 2468388ms] [WARNING] [Image] fetch via blobs falhou, fallback pra src direto: BlobError: meta sem url nem cid
    at bt (https://drift-wheat-one.vercel.app/assets/blobs-CTxth_5p.js:21:6774)
    at Yt (https://drift-wheat-one.vercel.app/assets/blobs-CTxth_5p.js:21:7504)
    at https://drift-wheat-one.vercel.app/assets/index-BR5l4XVt.js:141:26302 @ https://drift-wheat-one.vercel.app/assets/index-BR5l4XVt.js:140
[ 2470107ms] [WARNING] [Image] fetch via blobs falhou, fallback pra src direto: BlobError: meta sem url nem cid
    at bt (https://drift-wheat-one.vercel.app/assets/blobs-CTxth_5p.js:21:6774)
    at Yt (https://drift-wheat-one.vercel.app/assets/blobs-CTxth_5p.js:21:7504)
    at https://drift-wheat-one.vercel.app/assets/index-BR5l4XVt.js:141:26302 @ https://drift-wheat-one.vercel.app/assets/index-BR5l4XVt.js:140
[ 2472038ms] Error: publish timed out
    at https://drift-wheat-one.vercel.app/assets/vendor-nostr-DWf_TfTb.js:1:54211
[ 2478448ms] [WARNING] [Image] fetch via blobs falhou, fallback pra src direto: BlobError: meta sem url nem cid
    at bt (https://drift-wheat-one.vercel.app/assets/blobs-CTxth_5p.js:21:6774)
    at Yt (https://drift-wheat-one.vercel.app/assets/blobs-CTxth_5p.js:21:7504)
    at https://drift-wheat-one.vercel.app/assets/index-BR5l4XVt.js:141:26302 @ https://drift-wheat-one.vercel.app/assets/index-BR5l4XVt.js:140
[ 2488659ms] [ERROR] WebSocket connection to 'wss://relay.nostr.band/' failed: Error in connection establishment: net::ERR_CONNECTION_TIMED_OUT @ https://drift-wheat-one.vercel.app/assets/vendor-nostr-DWf_TfTb.js:0
[ 2489012ms] [WARNING] [Image] fetch via blobs falhou, fallback pra src direto: BlobError: meta sem url nem cid
    at bt (https://drift-wheat-one.vercel.app/assets/blobs-CTxth_5p.js:21:6774)
    at Yt (https://drift-wheat-one.vercel.app/assets/blobs-CTxth_5p.js:21:7504)
    at https://drift-wheat-one.vercel.app/assets/index-BR5l4XVt.js:141:26302 @ https://drift-wheat-one.vercel.app/assets/index-BR5l4XVt.js:140
[ 2497637ms] [WARNING] [Image] fetch via blobs falhou, fallback pra src direto: BlobError: meta sem url nem cid
    at bt (https://drift-wheat-one.vercel.app/assets/blobs-CTxth_5p.js:21:6774)
    at Yt (https://drift-wheat-one.vercel.app/assets/blobs-CTxth_5p.js:21:7504)
    at https://drift-wheat-one.vercel.app/assets/index-BR5l4XVt.js:141:26302 @ https://drift-wheat-one.vercel.app/assets/index-BR5l4XVt.js:140
[ 2505503ms] [WARNING] [Image] fetch via blobs falhou, fallback pra src direto: BlobError: meta sem url nem cid
    at bt (https://drift-wheat-one.vercel.app/assets/blobs-CTxth_5p.js:21:6774)
    at Yt (https://drift-wheat-one.vercel.app/assets/blobs-CTxth_5p.js:21:7504)
    at https://drift-wheat-one.vercel.app/assets/index-BR5l4XVt.js:141:26302 @ https://drift-wheat-one.vercel.app/assets/index-BR5l4XVt.js:140
[ 2507249ms] [WARNING] [Image] fetch via blobs falhou, fallback pra src direto: BlobError: meta sem url nem cid
    at bt (https://drift-wheat-one.vercel.app/assets/blobs-CTxth_5p.js:21:6774)
    at Yt (https://drift-wheat-one.vercel.app/assets/blobs-CTxth_5p.js:21:7504)
    at https://drift-wheat-one.vercel.app/assets/index-BR5l4XVt.js:141:26302 @ https://drift-wheat-one.vercel.app/assets/index-BR5l4XVt.js:140
[ 2508751ms] [WARNING] [Image] fetch via blobs falhou, fallback pra src direto: BlobError: meta sem url nem cid
    at bt (https://drift-wheat-one.vercel.app/assets/blobs-CTxth_5p.js:21:6774)
    at Yt (https://drift-wheat-one.vercel.app/assets/blobs-CTxth_5p.js:21:7504)
    at https://drift-wheat-one.vercel.app/assets/index-BR5l4XVt.js:141:26302 @ https://drift-wheat-one.vercel.app/assets/index-BR5l4XVt.js:140
[ 2509699ms] [ERROR] WebSocket connection to 'wss://relay.nostr.band/' failed: Error in connection establishment: net::ERR_CONNECTION_TIMED_OUT @ https://drift-wheat-one.vercel.app/assets/vendor-nostr-DWf_TfTb.js:0
[ 2510219ms] [WARNING] [Image] fetch via blobs falhou, fallback pra src direto: BlobError: meta sem url nem cid
    at bt (https://drift-wheat-one.vercel.app/assets/blobs-CTxth_5p.js:21:6774)
    at Yt (https://drift-wheat-one.vercel.app/assets/blobs-CTxth_5p.js:21:7504)
    at https://drift-wheat-one.vercel.app/assets/index-BR5l4XVt.js:141:26302 @ https://drift-wheat-one.vercel.app/assets/index-BR5l4XVt.js:140
[ 2511853ms] [WARNING] [Image] fetch via blobs falhou, fallback pra src direto: BlobError: meta sem url nem cid
    at bt (https://drift-wheat-one.vercel.app/assets/blobs-CTxth_5p.js:21:6774)
    at Yt (https://drift-wheat-one.vercel.app/assets/blobs-CTxth_5p.js:21:7504)
    at https://drift-wheat-one.vercel.app/assets/index-BR5l4XVt.js:141:26302 @ https://drift-wheat-one.vercel.app/assets/index-BR5l4XVt.js:140
[ 2530771ms] [ERROR] WebSocket connection to 'wss://relay.nostr.band/' failed: Error in connection establishment: net::ERR_CONNECTION_TIMED_OUT @ https://drift-wheat-one.vercel.app/assets/vendor-nostr-DWf_TfTb.js:0
[ 2535744ms] [WARNING] [Image] fetch via blobs falhou, fallback pra src direto: BlobError: nenhuma rota retornou bytes válidos (dweb.link: signal is aborted without reason; w3s.link: signal is aborted without reason; ipfs.io: signal is aborted without reason)
    at bt (https://drift-wheat-one.vercel.app/assets/blobs-CTxth_5p.js:21:7339)
    at async Yt (https://drift-wheat-one.vercel.app/assets/blobs-CTxth_5p.js:21:7498)
    at async https://drift-wheat-one.vercel.app/assets/index-BR5l4XVt.js:141:26296 @ https://drift-wheat-one.vercel.app/assets/index-BR5l4XVt.js:140
[ 2547841ms] [ERROR] WebSocket is already in CLOSING or CLOSED state. @ https://drift-wheat-one.vercel.app/assets/vendor-nostr-DWf_TfTb.js:0
[ 2547841ms] [ERROR] WebSocket is already in CLOSING or CLOSED state. @ https://drift-wheat-one.vercel.app/assets/vendor-nostr-DWf_TfTb.js:0
